NODE: lrdn0078, CPUS: 32, COMMIT: 7e7bdb9
COMMAND: python benches/large/bench_large.py --debug scaling /leonardo_scratch/large/userexternal/rpanades/src-large/m1000 --chi-out 500 --devices 1 2 4 --scratch-dir /leonardo_scratch/large/userexternal/rpanades/src-large/scratch --results benches/large/leonardo/logs/scaling_m1000.jsonl
GPU 0: NVIDIA A100-SXM-64GB (UUID: GPU-2918cb7e-4d50-16a2-dec1-5ce5ab50a967)
GPU 1: NVIDIA A100-SXM-64GB (UUID: GPU-19826f1a-57ef-a50f-c0e7-19095acbb732)
GPU 2: NVIDIA A100-SXM-64GB (UUID: GPU-aa9401a3-ba83-e28f-4795-7f6eeea42fe8)
GPU 3: NVIDIA A100-SXM-64GB (UUID: GPU-061dfdf9-84a9-fd29-5e57-c41ff9bf1e78)
	[4mGPU0	GPU1	GPU2	GPU3	NIC0	NIC1	NIC2	NIC3	CPU Affinity	NUMA Affinity	GPU NUMA ID[0m
GPU0	 X 	NV4	NV4	NV4	PXB	NODE	NODE	NODE	0-15	0		N/A
GPU1	NV4	 X 	NV4	NV4	NODE	PXB	NODE	NODE	0-15	0		N/A
GPU2	NV4	NV4	 X 	NV4	NODE	NODE	PXB	NODE	0-15	0		N/A
GPU3	NV4	NV4	NV4	 X 	NODE	NODE	NODE	PXB	0-15	0		N/A
NIC0	PXB	NODE	NODE	NODE	 X 	NODE	NODE	NODE				
NIC1	NODE	PXB	NODE	NODE	NODE	 X 	NODE	NODE				
NIC2	NODE	NODE	PXB	NODE	NODE	NODE	 X 	NODE				
NIC3	NODE	NODE	NODE	PXB	NODE	NODE	NODE	 X 				

Legend:

  X    = Self
  SYS  = Connection traversing PCIe as well as the SMP interconnect between NUMA nodes (e.g., QPI/UPI)
  NODE = Connection traversing PCIe as well as the interconnect between PCIe Host Bridges within a NUMA node
  PHB  = Connection traversing PCIe as well as a PCIe Host Bridge (typically the CPU)
  PXB  = Connection traversing multiple PCIe bridges (without traversing the PCIe Host Bridge)
  PIX  = Connection traversing at most a single PCIe bridge
  NV#  = Connection traversing a bonded set of # NVLinks

NIC Legend:

  NIC0: mlx5_0
  NIC1: mlx5_1
  NIC2: mlx5_2
  NIC3: mlx5_3

4 [[0, 1, 1, 1], [1, 0, 1, 1], [1, 1, 0, 1], [1, 1, 1, 0]]
Starting SRC: n_sites=50, depth=4, output=mpo, device=cupy
SRC plan: devices=[0], prefetch=1, device peak=58841624576 B, host peak=3904164864 B, disk=0 B, scratch=None, tiers=['device', 'device', 'device', 'device', 'device', 'device', 'device', 'device', 'device', 'device', 'device', 'device', 'device', 'device', 'device', 'device', 'device', 'device', 'device', 'device', 'device', 'device', 'device', 'device', 'device', 'device', 'device', 'device', 'device', 'device', 'device', 'device', 'device', 'device', 'device', 'device', 'device', 'device', 'device', 'device', 'device', 'device', 'device', 'device', 'device', 'device', 'device', 'device', 'device', 'device'], batches (env, sketch, project)=[(480, 0, 480), (480, 480, 480), (480, 480, 480), (480, 480, 480), (480, 480, 480), (480, 480, 480), (480, 480, 480), (480, 480, 480), (480, 480, 480), (480, 480, 480), (480, 480, 480), (480, 480, 480), (480, 480, 480), (480, 480, 480), (480, 480, 480), (480, 480, 480), (480, 480, 480), (480, 480, 480), (480, 480, 480), (480, 480, 480), (480, 480, 480), (480, 480, 480), (480, 480, 480), (480, 480, 480), (480, 480, 480), (480, 480, 480), (480, 480, 480), (480, 480, 480), (480, 480, 480), (480, 480, 480), (480, 480, 480), (480, 480, 480), (480, 480, 480), (480, 480, 480), (480, 480, 480), (480, 480, 480), (480, 480, 480), (480, 480, 480), (480, 480, 480), (480, 480, 480), (480, 480, 480), (480, 480, 480), (480, 480, 480), (480, 480, 480), (480, 480, 480), (480, 480, 480), (480, 480, 480), (480, 480, 480), (480, 480, 480), (0, 480, 480)]
Left-to-right sweep: 42.834 s
Right-to-left sweep: 105.477 s
SRC stalls: sites 25.440 s, environments 0.000 s
Device pool: 65230893056 B
SRC complete
Run complete: 152.4 s, pools [65230893056] B, host peak 16384008192 B, planned device peak 58841624576 B, planned host peak 3904164864 B, disk 0 B, tiers {'device': 50, 'host': 0, 'disk': 0}, sketch batches [480]
GPUs 1: 152.4 s, speed-up 1.00, efficiency 100 %, distance 0.000e+00
Starting SRC: n_sites=50, depth=4, output=mpo, device=cupy
SRC plan: devices=[0, 1], prefetch=1, device peak=39047585792 B, host peak=3904164864 B, disk=0 B, scratch=None, tiers=['device', 'device', 'device', 'device', 'device', 'device', 'device', 'device', 'device', 'device', 'device', 'device', 'device', 'device', 'device', 'device', 'device', 'device', 'device', 'device', 'device', 'device', 'device', 'device', 'device', 'device', 'device', 'device', 'device', 'device', 'device', 'device', 'device', 'device', 'device', 'device', 'device', 'device', 'device', 'device', 'device', 'device', 'device', 'device', 'device', 'device', 'device', 'device', 'device', 'device'], batches (env, sketch, project)=[(224, 0, 480), (224, 224, 224), (224, 224, 224), (224, 224, 224), (224, 224, 224), (224, 224, 224), (224, 224, 224), (224, 224, 224), (224, 224, 224), (224, 224, 224), (224, 224, 224), (224, 224, 224), (224, 224, 224), (224, 224, 224), (224, 224, 224), (224, 224, 224), (224, 224, 224), (224, 224, 224), (224, 224, 224), (224, 224, 224), (224, 224, 224), (224, 224, 224), (224, 224, 224), (224, 224, 224), (224, 224, 224), (224, 224, 224), (224, 224, 224), (224, 224, 224), (224, 224, 224), (224, 224, 224), (224, 224, 224), (224, 224, 224), (224, 224, 224), (224, 224, 224), (224, 224, 224), (224, 224, 224), (224, 224, 224), (224, 224, 224), (224, 224, 224), (224, 224, 224), (224, 224, 224), (224, 224, 224), (224, 224, 224), (224, 224, 224), (224, 224, 224), (224, 224, 224), (224, 224, 224), (224, 224, 224), (224, 224, 224), (0, 224, 224)]
Device 0: Left-to-right sweep: 7.061 s
Device 1: Left-to-right sweep: 7.060 s
Device 1: Right-to-left sweep: 36.033 s
Device 1: SRC stalls: sites 6.773 s, environments 0.000 s
Device 1: Device pool: 63594745344 B
Device 0: Right-to-left sweep: 36.569 s
Device 0: SRC stalls: sites 6.861 s, environments 0.000 s
Device 0: Device pool: 65230893056 B
SRC complete
Run complete: 43.8 s, pools [65230893056, 63594745344] B, host peak 19474718720 B, planned device peak 39047585792 B, planned host peak 3904164864 B, disk 0 B, tiers {'device': 50, 'host': 0, 'disk': 0}, sketch batches [224]
GPUs 2: 43.8 s, speed-up 3.48, efficiency 174 %, distance 2.740e-08
Starting SRC: n_sites=50, depth=4, output=mpo, device=cupy
SRC plan: devices=[0, 1, 2, 3], prefetch=1, device peak=32289054720 B, host peak=3904164864 B, disk=0 B, scratch=None, tiers=['device', 'device', 'device', 'device', 'device', 'device', 'device', 'device', 'device', 'device', 'device', 'device', 'device', 'device', 'device', 'device', 'device', 'device', 'device', 'device', 'device', 'device', 'device', 'device', 'device', 'device', 'device', 'device', 'device', 'device', 'device', 'device', 'device', 'device', 'device', 'device', 'device', 'device', 'device', 'device', 'device', 'device', 'device', 'device', 'device', 'device', 'device', 'device', 'device', 'device'], batches (env, sketch, project)=[(96, 0, 480), (96, 96, 96), (96, 96, 96), (96, 96, 96), (96, 96, 96), (96, 96, 96), (96, 96, 96), (96, 96, 96), (96, 96, 96), (96, 96, 96), (96, 96, 96), (96, 96, 96), (96, 96, 96), (96, 96, 96), (96, 96, 96), (96, 96, 96), (96, 96, 96), (96, 96, 96), (96, 96, 96), (96, 96, 96), (96, 96, 96), (96, 96, 96), (96, 96, 96), (96, 96, 96), (96, 96, 96), (96, 96, 96), (96, 96, 96), (96, 96, 96), (96, 96, 96), (96, 96, 96), (96, 96, 96), (96, 96, 96), (96, 96, 96), (96, 96, 96), (96, 96, 96), (96, 96, 96), (96, 96, 96), (96, 96, 96), (96, 96, 96), (96, 96, 96), (96, 96, 96), (96, 96, 96), (96, 96, 96), (96, 96, 96), (96, 96, 96), (96, 96, 96), (96, 96, 96), (96, 96, 96), (96, 96, 96), (0, 96, 96)]
Device 1: Left-to-right sweep: 3.957 s
Device 0: Left-to-right sweep: 3.957 s
Device 3: Left-to-right sweep: 3.958 s
Device 2: Left-to-right sweep: 3.958 s
Device 1: Right-to-left sweep: 28.101 s
Device 1: SRC stalls: sites 3.636 s, environments 0.000 s
Device 1: Device pool: 63594745344 B
Device 2: Right-to-left sweep: 28.100 s
Device 2: SRC stalls: sites 3.615 s, environments 0.000 s
Device 2: Device pool: 50227325440 B
Device 3: Right-to-left sweep: 28.101 s
Device 3: SRC stalls: sites 3.616 s, environments 0.000 s
Device 3: Device pool: 50227325440 B
Device 0: Right-to-left sweep: 28.558 s
Device 0: SRC stalls: sites 3.637 s, environments 0.000 s
Device 0: Device pool: 65230893056 B
SRC complete
Run complete: 32.8 s, pools [65230893056, 63594745344, 50227325440, 50227325440] B, host peak 19751886848 B, planned device peak 32289054720 B, planned host peak 3904164864 B, disk 0 B, tiers {'device': 50, 'host': 0, 'disk': 0}, sketch batches [96]
GPUs 4: 32.8 s, speed-up 4.65, efficiency 116 %, distance 3.164e-08
JobID           JobName    Elapsed     MaxRSS  MaxDiskRead MaxDiskWrite ExitCode 
------------ ---------- ---------- ---------- ------------ ------------ -------- 
59776459     multi_B_m+   00:05:11                                           0:0 
59776459.ba+      batch   00:05:11                                           0:0 
59776459.ex+     extern   00:05:11                                           0:0 
59776459.0       python   00:04:40     14.44G        1.15G        0.37M      0:0 
