NODE: lrdn2278, CPUS: 32, ARGS: --n-sites 20 --chi-out 100 --compare yes --run quimb --device cpu
NVIDIA A100-SXM-64GB, 535.274.02
NVIDIA A100-SXM-64GB, 535.274.02
NVIDIA A100-SXM-64GB, 535.274.02
NVIDIA A100-SXM-64GB, 535.274.02
0: 2026-10-08 04:34:38,570 INFO __main__ benchmark_start: n_sites=20, chi_out=100, chi_id=4, phys_dim=2, dtype=complex128, run=quimb, compare=yes, device=cpu
0: 2026-10-08 04:34:38,570 INFO __main__ Generating MPOs...
0: 2026-10-08 04:34:38,780 INFO __main__ Computing reference contraction (no compression)...
0: 2026-10-08 04:34:38,911 INFO __main__ Reference contraction took 0.13113203 s
0: 2026-10-08 04:34:38,911 INFO __main__ Computing Quimb's MPO-MPO contraction (with compression)...
0: 2026-10-08 04:34:56,770 INFO __main__  Quimb's contraction-compression took 17.858333241 s
0: 2026-10-08 04:34:57,396 INFO __main__  - Distance to reference: 0.0 (relative 0.0)
0: 2026-10-08 04:34:57,396 INFO __main__ benchmark_end
JobID           JobName      NCPUS     AveCPU    Elapsed ExitCode 
------------ ---------- ---------- ---------- ---------- -------- 
59625646     mpo_20_10+         32              00:00:53      0:0 
59625646.ba+      batch         32              00:00:53      0:0 
59625646.ex+     extern         32              00:00:53      0:0 
59625646.0       python         32   00:09:58   00:00:50      0:0 
JobID           JobName     MaxRSS MaxRSSNode 
------------ ---------- ---------- ---------- 
59625646     mpo_20_10+                       
59625646.ba+      batch                       
59625646.ex+     extern                       
59625646.0       python      0.73G   lrdn2278 
