NODE: lrdn2427, CPUS: 32, ARGS: --n-sites 50 --chi-out 1000 --compare no --run quimb
NVIDIA A100-SXM-64GB, 535.274.02
NVIDIA A100-SXM-64GB, 535.274.02
NVIDIA A100-SXM-64GB, 535.274.02
NVIDIA A100-SXM-64GB, 535.274.02
0: 2026-10-08 04:35:27,338 INFO __main__ benchmark_start: n_sites=50, chi_out=1000, chi_id=4, phys_dim=2, dtype=complex128, run=quimb, compare=no, device=cpu
0: 2026-10-08 04:35:27,338 INFO __main__ Generating MPOs...
0: 2026-10-08 04:35:38,108 INFO __main__ Computing Quimb's MPO-MPO contraction (with compression)...
0: 2026-10-08 04:52:58,831 INFO __main__  Quimb's contraction-compression took 1040.7233631410002 s
0: 2026-10-08 04:52:58,831 INFO __main__ benchmark_end
JobID           JobName      NCPUS     AveCPU    Elapsed ExitCode 
------------ ---------- ---------- ---------- ---------- -------- 
59625936     mpo_50_10+         32              00:18:05      0:0 
59625936.ba+      batch         32              00:18:05      0:0 
59625936.ex+     extern         32              00:18:05      0:0 
59625936.0       python         32              00:18:02      0:0 
JobID           JobName     MaxRSS MaxRSSNode 
------------ ---------- ---------- ---------- 
59625936     mpo_50_10+                       
59625936.ba+      batch                       
59625936.ex+     extern                       
59625936.0       python                       
