Loading cuda/12.2
  Loading requirement: libiconv/1.17-nhc3mhm xz/5.4.6-xxxg42c
    zlib-ng/2.1.6-jkgunjc libxml2/2.10.3-zbbe7lm

Loading openmpi/4.1.6--gcc--12.2.0-cuda-12.2
  Loading requirement: glibc/2.28--gcc--12.2.0-gi6mmti
    gcc-runtime/12.2.0--gcc--12.2.0-dqfwf7y numactl/2.0.14--gcc--12.2.0-cxzp4ci
    bzip2/1.0.8-ib3znej ncurses/6.5-svfl57u pigz/2.8-5bwzpml zstd/1.5.6-uq5yyux
    tar/1.34-jgektnv gettext/0.22.5-hsxgafg krb5/1.20.1-n4kmebh
    libedit/3.1-20230828-nme7boz libxcrypt/4.4.35-7om46b5 openssh/9.7p1-tk2b5yv
NODE: lrdn0092
CPUS: 32
srun: defined options
srun: -------------------- --------------------
srun: (null)              : lrdn0092
srun: cpus-per-task       : 32
srun: distribution        : cyclic
srun: jobid               : 19650980
srun: job-name            : src_bench
srun: label               : set
srun: mem                 : 440G
srun: nodes               : 1
srun: ntasks              : 1
srun: ntasks-per-node     : 1
srun: tres-per-task       : cpu:32
srun: verbose             : 1
srun: -------------------- --------------------
srun: end of defined options
srun: jobid 19650980: nodes(1):`lrdn0092', cpu counts: 32(x1)
srun: Implicitly setting --exact, because -c/--cpus-per-task given.
srun: CpuBindType=none
srun: launching StepId=19650980.0 on host lrdn0092, 1 tasks: 0
srun: topology/tree: init: topology tree plugin loaded
srun: Node lrdn0092, 1 tasks started
0: INFO:__main__: Quimb's MPO-MPO contraction-compression took 2004.523261921 s
0: INFO:__main__: - Distance to reference: 0.0
0: INFO:__main__: SRC's MPO-MPO contraction-compression took 94.82954199000001 s
0: INFO:__main__: - Distance to reference: 2.5809568279517847e-08
srun: Received task exit notification for 1 task of StepId=19650980.0 (status=0x0000).
srun: lrdn0092: task 0: Completed


#------------------------#
Task and CPU usage stats:
JobID           JobName      NCPUS   NNodes   NTasks     AveCPU     MinCPU MinCPUNode MinCPUTask    Elapsed ExitCode 
------------ ---------- ---------- -------- -------- ---------- ---------- ---------- ---------- ---------- -------- 
19650980      src_bench         32        1                                                        00:57:44      0:0 
19650980.ba+      batch         32        1        1                                               00:57:44      0:0 
19650980.ex+     extern         32        1        1                                               00:57:44      0:0 
19650980.0       python         32        1        1   23:26:24   23:26:24   lrdn0092          0   00:57:39      0:0 
Memory usage stats:
JobID           JobName AveRSS                                             MaxRSS                                             MaxRSSNode MaxRSSTask   AvePages MaxPages MaxPagesNode   MaxPagesTask 
------------ ---------- -------------------------------------------------- -------------------------------------------------- ---------- ---------- ---------- -------- ------------ -------------- 
19650980      src_bench                                                                                                                                                                             
19650980.ba+      batch                                                                                                                                                                             
19650980.ex+     extern                                                                                                                                                                             
19650980.0       python 240.79G                                            240.79G                                              lrdn0092          0      0.00G    0.00G     lrdn0092              0 
Disk usage stats:
JobID           JobName    AveDiskRead  MaxDiskRead MaxDiskReadNode MaxDiskReadTask   AveDiskWrite MaxDiskWrite MaxDiskWriteNode MaxDiskWriteTask 
------------ ---------- -------------- ------------ --------------- --------------- -------------- ------------ ---------------- ---------------- 
19650980      src_bench                                                                                                                           
19650980.ba+      batch                                                                                                                           
19650980.ex+     extern                                                                                                                           
19650980.0       python          0.02G        0.02G        lrdn0092               0          0.00M        0.00M         lrdn0092                0 
Trackable resources usage stats:
JobID           JobName AllocNodes  AllocCPUS AllocTRES                                                                                            
------------ ---------- ---------- ---------- ---------------------------------------------------------------------------------------------------- 
19650980      src_bench          1         32 billing=32,cpu=32,gres/gpu=4,mem=440G,node=1                                                         
19650980.ba+      batch          1         32 cpu=32,gres/gpu=4,mem=440G,node=1                                                                    
19650980.ex+     extern          1         32 billing=32,cpu=32,gres/gpu=4,mem=440G,node=1                                                         
19650980.0       python          1         32 cpu=32,mem=440G,node=1                                                                               
Trackable resources (ingress) usage stats:
JobID           JobName TRESUsageInTot                                                         TRESUsageInAve                                                         TRESUsageInMax                                                         TRESUsageInMaxNode                                                     TRESUsageInMaxTask                                                     
------------ ---------- ---------------------------------------------------------------------- ---------------------------------------------------------------------- ---------------------------------------------------------------------- ---------------------------------------------------------------------- ---------------------------------------------------------------------- 
19650980      src_bench                                                                                                                                                                                                                                                                                                                                                                    
19650980.ba+      batch                                                                                                                                                                                                                                                                                                                                                                    
19650980.ex+     extern                                                                                                                                                                                                                                                                                                                                                                    
19650980.0       python cpu=23:26:24,energy=0,fs/disk=0.02G,mem=240.79G,pages=0.00G,vmem=240.+ cpu=23:26:24,energy=0,fs/disk=0.02G,mem=240.79G,pages=0.00G,vmem=240.+ cpu=23:26:24,energy=0,fs/disk=0.02G,mem=240.79G,pages=0.00G,vmem=240.+ cpu=lrdn0092,energy=lrdn0092,fs/disk=lrdn0092,mem=lrdn0092,pages=lrdn+ cpu=0,fs/disk=0,mem=0,pages=0,vmem=0                                   
Trackable resources (egress) usage stats:
JobID           JobName TRESUsageOutTot                                                        TRESUsageOutAve                                                        TRESUsageOutMax                                                        TRESUsageOutMaxNode                                                    TRESUsageOutMaxTask                                                    
------------ ---------- ---------------------------------------------------------------------- ---------------------------------------------------------------------- ---------------------------------------------------------------------- ---------------------------------------------------------------------- ---------------------------------------------------------------------- 
19650980      src_bench                                                                                                                                                                                                                                                                                                                                                                    
19650980.ba+      batch                                                                                                                                                                                                                                                                                                                                                                    
19650980.ex+     extern                                                                                                                                                                                                                                                                                                                                                                    
19650980.0       python energy=0,fs/disk=0.00G                                                 energy=0,fs/disk=0.00G                                                 energy=0,fs/disk=0.00G                                                 energy=lrdn0092,fs/disk=lrdn0092                                       fs/disk=0                                                              
